[0.054s] Invoking command in '/home/chris/Desktop/EKF-SLAM/ros_workspace/build/my_package': CMAKE_PREFIX_PATH=${CMAKE_PREFIX_PATH}:/opt/ros/humble /usr/bin/cmake --build /home/chris/Desktop/EKF-SLAM/ros_workspace/build/my_package -- -j8 -l8
[0.092s] [35m[1mConsolidate compiler generated dependencies of target velocity_publisher[0m
[0.100s] [ 25%] [32mBuilding CXX object CMakeFiles/velocity_publisher.dir/src/velocity_publisher.cpp.o[0m
[0.103s] [ 75%] Built target my_node
[0.113s] [01m[K/home/chris/Desktop/EKF-SLAM/ros_workspace/src/my_package/src/velocity_publisher.cpp:1:34:[m[K [01;31m[Kerror: [m[K‘[01m[Krclcpp[m[K’ has not been declared
[0.113s]     1 | class VelocityPublisher : public [01;31m[Krclcpp[m[K::Node {
[0.113s]       |                                  [01;31m[K^~~~~~[m[K
[0.113s] [01m[K/home/chris/Desktop/EKF-SLAM/ros_workspace/src/my_package/src/velocity_publisher.cpp:1:42:[m[K [01;31m[Kerror: [m[Kexpected ‘[01m[K{[m[K’ before ‘[01m[KNode[m[K’
[0.113s]     1 | class VelocityPublisher : public rclcpp::[01;31m[KNode[m[K {
[0.113s]       |                                          [01;31m[K^~~~[m[K
[0.113s] [01m[K/home/chris/Desktop/EKF-SLAM/ros_workspace/src/my_package/src/velocity_publisher.cpp:2:1:[m[K [01;31m[Kerror: [m[Kexpected primary-expression before ‘[01m[Kpublic[m[K’
[0.113s]     2 | [01;31m[Kpublic[m[K:
[0.113s]       | [01;31m[K^~~~~~[m[K
[0.114s] [01m[K/home/chris/Desktop/EKF-SLAM/ros_workspace/src/my_package/src/velocity_publisher.cpp:2:1:[m[K [01;31m[Kerror: [m[Kexpected ‘[01m[K}[m[K’ before ‘[01m[Kpublic[m[K’
[0.114s] [01m[K/home/chris/Desktop/EKF-SLAM/ros_workspace/src/my_package/src/velocity_publisher.cpp:1:47:[m[K [01;36m[Knote: [m[Kto match this ‘[01m[K{[m[K’
[0.114s]     1 | class VelocityPublisher : public rclcpp::Node [01;36m[K{[m[K
[0.114s]       |                                               [01;36m[K^[m[K
[0.114s] [01m[K/home/chris/Desktop/EKF-SLAM/ros_workspace/src/my_package/src/velocity_publisher.cpp:10:1:[m[K [01;31m[Kerror: [m[Kexpected unqualified-id before ‘[01m[Kprivate[m[K’
[0.114s]    10 | [01;31m[Kprivate[m[K:
[0.114s]       | [01;31m[K^~~~~~~[m[K
[0.114s] [01m[K/home/chris/Desktop/EKF-SLAM/ros_workspace/src/my_package/src/velocity_publisher.cpp:[m[K In function ‘[01m[Kdouble randomDouble(double, double)[m[K’:
[0.114s] [01m[K/home/chris/Desktop/EKF-SLAM/ros_workspace/src/my_package/src/velocity_publisher.cpp:27:14:[m[K [01;31m[Kerror: [m[K‘[01m[Krandom_device[m[K’ is not a member of ‘[01m[Kstd[m[K’
[0.114s]    27 |         std::[01;31m[Krandom_device[m[K rd;
[0.114s]       |              [01;31m[K^~~~~~~~~~~~~[m[K
[0.114s] [01m[K/home/chris/Desktop/EKF-SLAM/ros_workspace/src/my_package/src/velocity_publisher.cpp:28:14:[m[K [01;31m[Kerror: [m[K‘[01m[Kmt19937[m[K’ is not a member of ‘[01m[Kstd[m[K’
[0.114s]    28 |         std::[01;31m[Kmt19937[m[K gen(rd());
[0.114s]       |              [01;31m[K^~~~~~~[m[K
[0.114s] [01m[K/home/chris/Desktop/EKF-SLAM/ros_workspace/src/my_package/src/velocity_publisher.cpp:29:14:[m[K [01;31m[Kerror: [m[K‘[01m[Kuniform_real_distribution[m[K’ is not a member of ‘[01m[Kstd[m[K’
[0.114s]    29 |         std::[01;31m[Kuniform_real_distribution[m[K<> dis(min, max);
[0.114s]       |              [01;31m[K^~~~~~~~~~~~~~~~~~~~~~~~~[m[K
[0.114s] [01m[K/home/chris/Desktop/EKF-SLAM/ros_workspace/src/my_package/src/velocity_publisher.cpp:29:40:[m[K [01;31m[Kerror: [m[Kexpected primary-expression before ‘[01m[K>[m[K’ token
[0.114s]    29 |         std::uniform_real_distribution<[01;31m[K>[m[K dis(min, max);
[0.114s]       |                                        [01;31m[K^[m[K
[0.114s] [01m[K/home/chris/Desktop/EKF-SLAM/ros_workspace/src/my_package/src/velocity_publisher.cpp:29:42:[m[K [01;31m[Kerror: [m[K‘[01m[Kdis[m[K’ was not declared in this scope
[0.114s]    29 |         std::uniform_real_distribution<> [01;31m[Kdis[m[K(min, max);
[0.115s]       |                                          [01;31m[K^~~[m[K
[0.115s] [01m[K/home/chris/Desktop/EKF-SLAM/ros_workspace/src/my_package/src/velocity_publisher.cpp:30:20:[m[K [01;31m[Kerror: [m[K‘[01m[Kgen[m[K’ was not declared in this scope
[0.115s]    30 |         return dis([01;31m[Kgen[m[K);
[0.115s]       |                    [01;31m[K^~~[m[K
[0.115s] [01m[K/home/chris/Desktop/EKF-SLAM/ros_workspace/src/my_package/src/velocity_publisher.cpp:[m[K At global scope:
[0.115s] [01m[K/home/chris/Desktop/EKF-SLAM/ros_workspace/src/my_package/src/velocity_publisher.cpp:33:5:[m[K [01;31m[Kerror: [m[K‘[01m[Krclcpp[m[K’ does not name a type
[0.116s]    33 |     [01;31m[Krclcpp[m[K::Publisher<geometry_msgs::msg::Twist>::SharedPtr publisher_;
[0.116s]       |     [01;31m[K^~~~~~[m[K
[0.116s] [01m[K/home/chris/Desktop/EKF-SLAM/ros_workspace/src/my_package/src/velocity_publisher.cpp:34:5:[m[K [01;31m[Kerror: [m[K‘[01m[Krclcpp[m[K’ does not name a type
[0.116s]    34 |     [01;31m[Krclcpp[m[K::TimerBase::SharedPtr timer_;
[0.116s]       |     [01;31m[K^~~~~~[m[K
[0.116s] [01m[K/home/chris/Desktop/EKF-SLAM/ros_workspace/src/my_package/src/velocity_publisher.cpp:35:1:[m[K [01;31m[Kerror: [m[Kexpected declaration before ‘[01m[K}[m[K’ token
[0.116s]    35 | [01;31m[K}[m[K;
[0.116s]       | [01;31m[K^[m[K
[0.117s] gmake[2]: *** [CMakeFiles/velocity_publisher.dir/build.make:76: CMakeFiles/velocity_publisher.dir/src/velocity_publisher.cpp.o] Error 1
[0.119s] gmake[1]: *** [CMakeFiles/Makefile2:165: CMakeFiles/velocity_publisher.dir/all] Error 2
[0.119s] gmake: *** [Makefile:146: all] Error 2
[0.121s] Invoked command in '/home/chris/Desktop/EKF-SLAM/ros_workspace/build/my_package' returned '2': CMAKE_PREFIX_PATH=${CMAKE_PREFIX_PATH}:/opt/ros/humble /usr/bin/cmake --build /home/chris/Desktop/EKF-SLAM/ros_workspace/build/my_package -- -j8 -l8
