-- Found ament_cmake: 1.3.6 (/opt/ros/humble/share/ament_cmake/cmake)
-- Found rclcpp: 16.0.7 (/opt/ros/humble/share/rclcpp/cmake)
-- Found rosidl_generator_c: 3.1.5 (/opt/ros/humble/share/rosidl_generator_c/cmake)
-- Found rosidl_adapter: 3.1.5 (/opt/ros/humble/share/rosidl_adapter/cmake)
-- Found rosidl_generator_cpp: 3.1.5 (/opt/ros/humble/share/rosidl_generator_cpp/cmake)
-- Using all available rosidl_typesupport_c: rosidl_typesupport_fastrtps_c;rosidl_typesupport_introspection_c
-- Using all available rosidl_typesupport_cpp: rosidl_typesupport_fastrtps_cpp;rosidl_typesupport_introspection_cpp
-- Found rmw_implementation_cmake: 6.1.1 (/opt/ros/humble/share/rmw_implementation_cmake/cmake)
-- Found rmw_fastrtps_cpp: 6.2.5 (/opt/ros/humble/share/rmw_fastrtps_cpp/cmake)
-- Using RMW implementation 'rmw_fastrtps_cpp' as default
-- Found geometry_msgs: 4.2.3 (/opt/ros/humble/share/geometry_msgs/cmake)
-- Found ament_lint_auto: 0.12.9 (/opt/ros/humble/share/ament_lint_auto/cmake)
-- Added test 'copyright' to check source files copyright and LICENSE
-- Added test 'cppcheck' to perform static code analysis on C / C++ code
-- Configured cppcheck include dirs: $<BUILD_INTERFACE:/home/chris/Desktop/EKF-SLAM/ros_workspace/src/my_package/include>
-- Configured cppcheck exclude dirs and/or files: 
-- Added test 'cpplint' to check C / C++ code against the Google style
-- Configured cpplint exclude dirs and/or files: 
-- Added test 'lint_cmake' to check CMake code style
-- Added test 'uncrustify' to check C / C++ code style
-- Configured uncrustify additional arguments: 
-- Added test 'xmllint' to check XML markup files
-- Configuring done
-- Generating done
-- Build files have been written to: /home/chris/Desktop/EKF-SLAM/ros_workspace/build/my_package
[35m[1mConsolidate compiler generated dependencies of target my_node[0m
[ 25%] [32mBuilding CXX object CMakeFiles/velocity_publisher.dir/src/velocity_publisher.cpp.o[0m
[ 75%] Built target my_node
[100%] [32m[1mLinking CXX executable velocity_publisher[0m
[100%] Built target velocity_publisher
-- Install configuration: ""
-- Up-to-date: /home/chris/Desktop/EKF-SLAM/ros_workspace/install/my_package/lib/my_package/my_node
-- Up-to-date: /home/chris/Desktop/EKF-SLAM/ros_workspace/install/my_package/lib/my_package/my_node
-- Installing: /home/chris/Desktop/EKF-SLAM/ros_workspace/install/my_package/lib/my_package/velocity_publisher
-- Set runtime path of "/home/chris/Desktop/EKF-SLAM/ros_workspace/install/my_package/lib/my_package/velocity_publisher" to ""
-- Up-to-date: /home/chris/Desktop/EKF-SLAM/ros_workspace/install/my_package/share/ament_index/resource_index/package_run_dependencies/my_package
-- Up-to-date: /home/chris/Desktop/EKF-SLAM/ros_workspace/install/my_package/share/ament_index/resource_index/parent_prefix_path/my_package
-- Up-to-date: /home/chris/Desktop/EKF-SLAM/ros_workspace/install/my_package/share/my_package/environment/ament_prefix_path.sh
-- Installing: /home/chris/Desktop/EKF-SLAM/ros_workspace/install/my_package/share/my_package/environment/ament_prefix_path.dsv
-- Up-to-date: /home/chris/Desktop/EKF-SLAM/ros_workspace/install/my_package/share/my_package/environment/path.sh
-- Installing: /home/chris/Desktop/EKF-SLAM/ros_workspace/install/my_package/share/my_package/environment/path.dsv
-- Up-to-date: /home/chris/Desktop/EKF-SLAM/ros_workspace/install/my_package/share/my_package/local_setup.bash
-- Up-to-date: /home/chris/Desktop/EKF-SLAM/ros_workspace/install/my_package/share/my_package/local_setup.sh
-- Up-to-date: /home/chris/Desktop/EKF-SLAM/ros_workspace/install/my_package/share/my_package/local_setup.zsh
-- Installing: /home/chris/Desktop/EKF-SLAM/ros_workspace/install/my_package/share/my_package/local_setup.dsv
-- Installing: /home/chris/Desktop/EKF-SLAM/ros_workspace/install/my_package/share/my_package/package.dsv
-- Up-to-date: /home/chris/Desktop/EKF-SLAM/ros_workspace/install/my_package/share/ament_index/resource_index/packages/my_package
-- Up-to-date: /home/chris/Desktop/EKF-SLAM/ros_workspace/install/my_package/share/my_package/cmake/my_packageConfig.cmake
-- Up-to-date: /home/chris/Desktop/EKF-SLAM/ros_workspace/install/my_package/share/my_package/cmake/my_packageConfig-version.cmake
-- Up-to-date: /home/chris/Desktop/EKF-SLAM/ros_workspace/install/my_package/share/my_package/package.xml
