[0.034s] Invoking command in '/home/chris/Desktop/EKF-SLAM/ros_workspace/build/my_package': CMAKE_PREFIX_PATH=/opt/ros/humble /usr/bin/cmake --build /home/chris/Desktop/EKF-SLAM/ros_workspace/build/my_package -- -j8 -l8
[0.052s] -- Found ament_cmake: 1.3.6 (/opt/ros/humble/share/ament_cmake/cmake)
[0.140s] -- Found rclcpp: 16.0.7 (/opt/ros/humble/share/rclcpp/cmake)
[0.162s] -- Found rosidl_generator_c: 3.1.5 (/opt/ros/humble/share/rosidl_generator_c/cmake)
[0.164s] -- Found rosidl_adapter: 3.1.5 (/opt/ros/humble/share/rosidl_adapter/cmake)
[0.168s] -- Found rosidl_generator_cpp: 3.1.5 (/opt/ros/humble/share/rosidl_generator_cpp/cmake)
[0.176s] -- Using all available rosidl_typesupport_c: rosidl_typesupport_fastrtps_c;rosidl_typesupport_introspection_c
[0.186s] -- Using all available rosidl_typesupport_cpp: rosidl_typesupport_fastrtps_cpp;rosidl_typesupport_introspection_cpp
[0.231s] -- Found rmw_implementation_cmake: 6.1.1 (/opt/ros/humble/share/rmw_implementation_cmake/cmake)
[0.232s] -- Found rmw_fastrtps_cpp: 6.2.5 (/opt/ros/humble/share/rmw_fastrtps_cpp/cmake)
[0.318s] -- Using RMW implementation 'rmw_fastrtps_cpp' as default
[0.444s] -- Found geometry_msgs: 4.2.3 (/opt/ros/humble/share/geometry_msgs/cmake)
[0.479s] -- Found ament_lint_auto: 0.12.9 (/opt/ros/humble/share/ament_lint_auto/cmake)
[0.522s] -- Added test 'copyright' to check source files copyright and LICENSE
[0.522s] -- Added test 'cppcheck' to perform static code analysis on C / C++ code
[0.522s] -- Configured cppcheck include dirs: $<BUILD_INTERFACE:/home/chris/Desktop/EKF-SLAM/ros_workspace/src/my_package/include>
[0.522s] -- Configured cppcheck exclude dirs and/or files: 
[0.522s] -- Added test 'cpplint' to check C / C++ code against the Google style
[0.523s] -- Configured cpplint exclude dirs and/or files: 
[0.523s] -- Added test 'lint_cmake' to check CMake code style
[0.523s] -- Added test 'uncrustify' to check C / C++ code style
[0.523s] -- Configured uncrustify additional arguments: 
[0.523s] -- Added test 'xmllint' to check XML markup files
[0.524s] -- Configuring done
[0.535s] -- Generating done
[0.540s] -- Build files have been written to: /home/chris/Desktop/EKF-SLAM/ros_workspace/build/my_package
[0.560s] [35m[1mConsolidate compiler generated dependencies of target my_node[0m
[0.568s] [ 25%] [32mBuilding CXX object CMakeFiles/velocity_publisher.dir/src/velocity_publisher.cpp.o[0m
[0.575s] [ 75%] Built target my_node
[2.829s] [100%] [32m[1mLinking CXX executable velocity_publisher[0m
[2.952s] [100%] Built target velocity_publisher
[2.963s] Invoked command in '/home/chris/Desktop/EKF-SLAM/ros_workspace/build/my_package' returned '0': CMAKE_PREFIX_PATH=/opt/ros/humble /usr/bin/cmake --build /home/chris/Desktop/EKF-SLAM/ros_workspace/build/my_package -- -j8 -l8
[2.996s] Invoking command in '/home/chris/Desktop/EKF-SLAM/ros_workspace/build/my_package': CMAKE_PREFIX_PATH=/opt/ros/humble /usr/bin/cmake --install /home/chris/Desktop/EKF-SLAM/ros_workspace/build/my_package
[3.000s] -- Install configuration: ""
[3.001s] -- Up-to-date: /home/chris/Desktop/EKF-SLAM/ros_workspace/install/my_package/lib/my_package/my_node
[3.001s] -- Up-to-date: /home/chris/Desktop/EKF-SLAM/ros_workspace/install/my_package/lib/my_package/my_node
[3.001s] -- Installing: /home/chris/Desktop/EKF-SLAM/ros_workspace/install/my_package/lib/my_package/velocity_publisher
[3.002s] -- Set runtime path of "/home/chris/Desktop/EKF-SLAM/ros_workspace/install/my_package/lib/my_package/velocity_publisher" to ""
[3.002s] -- Up-to-date: /home/chris/Desktop/EKF-SLAM/ros_workspace/install/my_package/share/ament_index/resource_index/package_run_dependencies/my_package
[3.002s] -- Up-to-date: /home/chris/Desktop/EKF-SLAM/ros_workspace/install/my_package/share/ament_index/resource_index/parent_prefix_path/my_package
[3.002s] -- Up-to-date: /home/chris/Desktop/EKF-SLAM/ros_workspace/install/my_package/share/my_package/environment/ament_prefix_path.sh
[3.002s] -- Installing: /home/chris/Desktop/EKF-SLAM/ros_workspace/install/my_package/share/my_package/environment/ament_prefix_path.dsv
[3.002s] -- Up-to-date: /home/chris/Desktop/EKF-SLAM/ros_workspace/install/my_package/share/my_package/environment/path.sh
[3.003s] -- Installing: /home/chris/Desktop/EKF-SLAM/ros_workspace/install/my_package/share/my_package/environment/path.dsv
[3.003s] -- Up-to-date: /home/chris/Desktop/EKF-SLAM/ros_workspace/install/my_package/share/my_package/local_setup.bash
[3.003s] -- Up-to-date: /home/chris/Desktop/EKF-SLAM/ros_workspace/install/my_package/share/my_package/local_setup.sh
[3.003s] -- Up-to-date: /home/chris/Desktop/EKF-SLAM/ros_workspace/install/my_package/share/my_package/local_setup.zsh
[3.003s] -- Installing: /home/chris/Desktop/EKF-SLAM/ros_workspace/install/my_package/share/my_package/local_setup.dsv
[3.003s] -- Installing: /home/chris/Desktop/EKF-SLAM/ros_workspace/install/my_package/share/my_package/package.dsv
[3.003s] -- Up-to-date: /home/chris/Desktop/EKF-SLAM/ros_workspace/install/my_package/share/ament_index/resource_index/packages/my_package
[3.003s] -- Up-to-date: /home/chris/Desktop/EKF-SLAM/ros_workspace/install/my_package/share/my_package/cmake/my_packageConfig.cmake
[3.003s] -- Up-to-date: /home/chris/Desktop/EKF-SLAM/ros_workspace/install/my_package/share/my_package/cmake/my_packageConfig-version.cmake
[3.003s] -- Up-to-date: /home/chris/Desktop/EKF-SLAM/ros_workspace/install/my_package/share/my_package/package.xml
[3.004s] Invoked command in '/home/chris/Desktop/EKF-SLAM/ros_workspace/build/my_package' returned '0': CMAKE_PREFIX_PATH=/opt/ros/humble /usr/bin/cmake --install /home/chris/Desktop/EKF-SLAM/ros_workspace/build/my_package
