[0.038s] Invoking command in '/home/chris/Desktop/EKF-SLAM/ros_workspace/build/my_package': CMAKE_PREFIX_PATH=${CMAKE_PREFIX_PATH}:/opt/ros/humble /usr/bin/cmake --build /home/chris/Desktop/EKF-SLAM/ros_workspace/build/my_package -- -j8 -l8
[0.075s] [35m[1mConsolidate compiler generated dependencies of target velocity_publisher[0m
[0.085s] [ 25%] [32mBuilding CXX object CMakeFiles/velocity_publisher.dir/src/velocity_publisher.cpp.o[0m
[0.093s] [ 75%] Built target my_node
[0.097s] [01m[K/home/chris/Desktop/EKF-SLAM/ros_workspace/src/my_package/src/velocity_publisher.cpp:1:34:[m[K [01;31m[Kerror: [m[K‘[01m[Krclcpp[m[K’ has not been declared
[0.097s]     1 | class VelocityPublisher : public [01;31m[Krclcpp[m[K::Node {
[0.097s]       |                                  [01;31m[K^~~~~~[m[K
[0.097s] [01m[K/home/chris/Desktop/EKF-SLAM/ros_workspace/src/my_package/src/velocity_publisher.cpp:1:42:[m[K [01;31m[Kerror: [m[Kexpected ‘[01m[K{[m[K’ before ‘[01m[KNode[m[K’
[0.097s]     1 | class VelocityPublisher : public rclcpp::[01;31m[KNode[m[K {
[0.097s]       |                                          [01;31m[K^~~~[m[K
[0.097s] [01m[K/home/chris/Desktop/EKF-SLAM/ros_workspace/src/my_package/src/velocity_publisher.cpp:2:1:[m[K [01;31m[Kerror: [m[Kexpected primary-expression before ‘[01m[Kpublic[m[K’
[0.098s]     2 | [01;31m[Kpublic[m[K:
[0.098s]       | [01;31m[K^~~~~~[m[K
[0.098s] [01m[K/home/chris/Desktop/EKF-SLAM/ros_workspace/src/my_package/src/velocity_publisher.cpp:2:1:[m[K [01;31m[Kerror: [m[Kexpected ‘[01m[K}[m[K’ before ‘[01m[Kpublic[m[K’
[0.098s] [01m[K/home/chris/Desktop/EKF-SLAM/ros_workspace/src/my_package/src/velocity_publisher.cpp:1:47:[m[K [01;36m[Knote: [m[Kto match this ‘[01m[K{[m[K’
[0.098s]     1 | class VelocityPublisher : public rclcpp::Node [01;36m[K{[m[K
[0.098s]       |                                               [01;36m[K^[m[K
[0.098s] [01m[K/home/chris/Desktop/EKF-SLAM/ros_workspace/src/my_package/src/velocity_publisher.cpp:10:1:[m[K [01;31m[Kerror: [m[Kexpected unqualified-id before ‘[01m[Kprivate[m[K’
[0.098s]    10 | [01;31m[Kprivate[m[K:
[0.098s]       | [01;31m[K^~~~~~~[m[K
[0.098s] [01m[K/home/chris/Desktop/EKF-SLAM/ros_workspace/src/my_package/src/velocity_publisher.cpp:[m[K In function ‘[01m[Kdouble randomDouble(double, double)[m[K’:
[0.098s] [01m[K/home/chris/Desktop/EKF-SLAM/ros_workspace/src/my_package/src/velocity_publisher.cpp:27:14:[m[K [01;31m[Kerror: [m[K‘[01m[Krandom_device[m[K’ is not a member of ‘[01m[Kstd[m[K’
[0.098s]    27 |         std::[01;31m[Krandom_device[m[K rd;
[0.098s]       |              [01;31m[K^~~~~~~~~~~~~[m[K
[0.098s] [01m[K/home/chris/Desktop/EKF-SLAM/ros_workspace/src/my_package/src/velocity_publisher.cpp:28:14:[m[K [01;31m[Kerror: [m[K‘[01m[Kmt19937[m[K’ is not a member of ‘[01m[Kstd[m[K’
[0.099s]    28 |         std::[01;31m[Kmt19937[m[K gen(rd());
[0.099s]       |              [01;31m[K^~~~~~~[m[K
[0.099s] [01m[K/home/chris/Desktop/EKF-SLAM/ros_workspace/src/my_package/src/velocity_publisher.cpp:29:14:[m[K [01;31m[Kerror: [m[K‘[01m[Kuniform_real_distribution[m[K’ is not a member of ‘[01m[Kstd[m[K’
[0.099s]    29 |         std::[01;31m[Kuniform_real_distribution[m[K<> dis(min, max);
[0.099s]       |              [01;31m[K^~~~~~~~~~~~~~~~~~~~~~~~~[m[K
[0.099s] [01m[K/home/chris/Desktop/EKF-SLAM/ros_workspace/src/my_package/src/velocity_publisher.cpp:29:40:[m[K [01;31m[Kerror: [m[Kexpected primary-expression before ‘[01m[K>[m[K’ token
[0.099s]    29 |         std::uniform_real_distribution<[01;31m[K>[m[K dis(min, max);
[0.099s]       |                                        [01;31m[K^[m[K
[0.099s] [01m[K/home/chris/Desktop/EKF-SLAM/ros_workspace/src/my_package/src/velocity_publisher.cpp:29:42:[m[K [01;31m[Kerror: [m[K‘[01m[Kdis[m[K’ was not declared in this scope
[0.099s]    29 |         std::uniform_real_distribution<> [01;31m[Kdis[m[K(min, max);
[0.100s]       |                                          [01;31m[K^~~[m[K
[0.100s] [01m[K/home/chris/Desktop/EKF-SLAM/ros_workspace/src/my_package/src/velocity_publisher.cpp:30:20:[m[K [01;31m[Kerror: [m[K‘[01m[Kgen[m[K’ was not declared in this scope
[0.100s]    30 |         return dis([01;31m[Kgen[m[K);
[0.100s]       |                    [01;31m[K^~~[m[K
[0.100s] [01m[K/home/chris/Desktop/EKF-SLAM/ros_workspace/src/my_package/src/velocity_publisher.cpp:[m[K At global scope:
[0.100s] [01m[K/home/chris/Desktop/EKF-SLAM/ros_workspace/src/my_package/src/velocity_publisher.cpp:33:5:[m[K [01;31m[Kerror: [m[K‘[01m[Krclcpp[m[K’ does not name a type
[0.100s]    33 |     [01;31m[Krclcpp[m[K::Publisher<geometry_msgs::msg::Twist>::SharedPtr publisher_;
[0.101s]       |     [01;31m[K^~~~~~[m[K
[0.101s] [01m[K/home/chris/Desktop/EKF-SLAM/ros_workspace/src/my_package/src/velocity_publisher.cpp:34:5:[m[K [01;31m[Kerror: [m[K‘[01m[Krclcpp[m[K’ does not name a type
[0.101s]    34 |     [01;31m[Krclcpp[m[K::TimerBase::SharedPtr timer_;
[0.101s]       |     [01;31m[K^~~~~~[m[K
[0.101s] [01m[K/home/chris/Desktop/EKF-SLAM/ros_workspace/src/my_package/src/velocity_publisher.cpp:35:1:[m[K [01;31m[Kerror: [m[Kexpected declaration before ‘[01m[K}[m[K’ token
[0.101s]    35 | [01;31m[K}[m[K;
[0.101s]       | [01;31m[K^[m[K
[0.101s] [01m[K/home/chris/Desktop/EKF-SLAM/ros_workspace/src/my_package/src/velocity_publisher.cpp:[m[K In function ‘[01m[Kint main(int, char**)[m[K’:
[0.101s] [01m[K/home/chris/Desktop/EKF-SLAM/ros_workspace/src/my_package/src/velocity_publisher.cpp:38:5:[m[K [01;31m[Kerror: [m[K‘[01m[Krclcpp[m[K’ has not been declared
[0.101s]    38 |     [01;31m[Krclcpp[m[K::init(argc, argv);
[0.101s]       |     [01;31m[K^~~~~~[m[K
[0.101s] [01m[K/home/chris/Desktop/EKF-SLAM/ros_workspace/src/my_package/src/velocity_publisher.cpp:39:22:[m[K [01;31m[Kerror: [m[K‘[01m[Kmake_shared[m[K’ is not a member of ‘[01m[Kstd[m[K’
[0.101s]    39 |     auto node = std::[01;31m[Kmake_shared[m[K<VelocityPublisher>();
[0.101s]       |                      [01;31m[K^~~~~~~~~~~[m[K
[0.101s] [01m[K/home/chris/Desktop/EKF-SLAM/ros_workspace/src/my_package/src/velocity_publisher.cpp:1:1:[m[K [01;36m[Knote: [m[K‘[01m[Kstd::make_shared[m[K’ is defined in header ‘[01m[K<memory>[m[K’; did you forget to ‘[01m[K#include <memory>[m[K’?
[0.102s]   +++ |+[32m[K#include <memory>[m[K
[0.102s]     1 | class VelocityPublisher : public rclcpp::Node {
[0.102s] [01m[K/home/chris/Desktop/EKF-SLAM/ros_workspace/src/my_package/src/velocity_publisher.cpp:39:51:[m[K [01;31m[Kerror: [m[Kexpected primary-expression before ‘[01m[K>[m[K’ token
[0.102s]    39 |     auto node = std::make_shared<VelocityPublisher[01;31m[K>[m[K();
[0.102s]       |                                                   [01;31m[K^[m[K
[0.102s] [01m[K/home/chris/Desktop/EKF-SLAM/ros_workspace/src/my_package/src/velocity_publisher.cpp:39:53:[m[K [01;31m[Kerror: [m[Kexpected primary-expression before ‘[01m[K)[m[K’ token
[0.102s]    39 |     auto node = std::make_shared<VelocityPublisher>([01;31m[K)[m[K;
[0.102s]       |                                                     [01;31m[K^[m[K
[0.102s] [01m[K/home/chris/Desktop/EKF-SLAM/ros_workspace/src/my_package/src/velocity_publisher.cpp:40:5:[m[K [01;31m[Kerror: [m[K‘[01m[Krclcpp[m[K’ has not been declared
[0.102s]    40 |     [01;31m[Krclcpp[m[K::spin(node);
[0.102s]       |     [01;31m[K^~~~~~[m[K
[0.102s] [01m[K/home/chris/Desktop/EKF-SLAM/ros_workspace/src/my_package/src/velocity_publisher.cpp:41:5:[m[K [01;31m[Kerror: [m[K‘[01m[Krclcpp[m[K’ has not been declared
[0.102s]    41 |     [01;31m[Krclcpp[m[K::shutdown();
[0.103s]       |     [01;31m[K^~~~~~[m[K
[0.103s] gmake[2]: *** [CMakeFiles/velocity_publisher.dir/build.make:76: CMakeFiles/velocity_publisher.dir/src/velocity_publisher.cpp.o] Error 1
[0.103s] gmake[1]: *** [CMakeFiles/Makefile2:165: CMakeFiles/velocity_publisher.dir/all] Error 2
[0.103s] gmake: *** [Makefile:146: all] Error 2
[0.105s] Invoked command in '/home/chris/Desktop/EKF-SLAM/ros_workspace/build/my_package' returned '2': CMAKE_PREFIX_PATH=${CMAKE_PREFIX_PATH}:/opt/ros/humble /usr/bin/cmake --build /home/chris/Desktop/EKF-SLAM/ros_workspace/build/my_package -- -j8 -l8
