[0.064s] Invoking command in '/home/chris/Desktop/EKF-SLAM/ros_workspace/build/my_package': CMAKE_PREFIX_PATH=${CMAKE_PREFIX_PATH}:/opt/ros/humble /usr/bin/cmake --build /home/chris/Desktop/EKF-SLAM/ros_workspace/build/my_package -- -j8 -l8
[0.094s] [35m[1mConsolidate compiler generated dependencies of target velocity_publisher[0m
[0.104s] [ 25%] [32mBuilding CXX object CMakeFiles/velocity_publisher.dir/src/velocity_publisher.cpp.o[0m
[0.110s] [ 75%] Built target my_node
[2.486s] [100%] [32m[1mLinking CXX executable velocity_publisher[0m
[2.608s] [100%] Built target velocity_publisher
[2.618s] Invoked command in '/home/chris/Desktop/EKF-SLAM/ros_workspace/build/my_package' returned '0': CMAKE_PREFIX_PATH=${CMAKE_PREFIX_PATH}:/opt/ros/humble /usr/bin/cmake --build /home/chris/Desktop/EKF-SLAM/ros_workspace/build/my_package -- -j8 -l8
[2.649s] Invoking command in '/home/chris/Desktop/EKF-SLAM/ros_workspace/build/my_package': CMAKE_PREFIX_PATH=${CMAKE_PREFIX_PATH}:/opt/ros/humble /usr/bin/cmake --install /home/chris/Desktop/EKF-SLAM/ros_workspace/build/my_package
[2.656s] -- Install configuration: ""
[2.656s] -- Up-to-date: /home/chris/Desktop/EKF-SLAM/ros_workspace/install/my_package/lib/my_package/my_node
[2.656s] -- Installing: /home/chris/Desktop/EKF-SLAM/ros_workspace/install/my_package/lib/my_package/velocity_publisher
[2.658s] -- Set runtime path of "/home/chris/Desktop/EKF-SLAM/ros_workspace/install/my_package/lib/my_package/velocity_publisher" to ""
[2.658s] -- Up-to-date: /home/chris/Desktop/EKF-SLAM/ros_workspace/install/my_package/share/ament_index/resource_index/package_run_dependencies/my_package
[2.658s] -- Up-to-date: /home/chris/Desktop/EKF-SLAM/ros_workspace/install/my_package/share/ament_index/resource_index/parent_prefix_path/my_package
[2.658s] -- Up-to-date: /home/chris/Desktop/EKF-SLAM/ros_workspace/install/my_package/share/my_package/environment/ament_prefix_path.sh
[2.658s] -- Up-to-date: /home/chris/Desktop/EKF-SLAM/ros_workspace/install/my_package/share/my_package/environment/ament_prefix_path.dsv
[2.658s] -- Up-to-date: /home/chris/Desktop/EKF-SLAM/ros_workspace/install/my_package/share/my_package/environment/path.sh
[2.658s] -- Up-to-date: /home/chris/Desktop/EKF-SLAM/ros_workspace/install/my_package/share/my_package/environment/path.dsv
[2.658s] -- Up-to-date: /home/chris/Desktop/EKF-SLAM/ros_workspace/install/my_package/share/my_package/local_setup.bash
[2.658s] -- Up-to-date: /home/chris/Desktop/EKF-SLAM/ros_workspace/install/my_package/share/my_package/local_setup.sh
[2.658s] -- Up-to-date: /home/chris/Desktop/EKF-SLAM/ros_workspace/install/my_package/share/my_package/local_setup.zsh
[2.658s] -- Up-to-date: /home/chris/Desktop/EKF-SLAM/ros_workspace/install/my_package/share/my_package/local_setup.dsv
[2.658s] -- Installing: /home/chris/Desktop/EKF-SLAM/ros_workspace/install/my_package/share/my_package/package.dsv
[2.658s] -- Up-to-date: /home/chris/Desktop/EKF-SLAM/ros_workspace/install/my_package/share/ament_index/resource_index/packages/my_package
[2.658s] -- Up-to-date: /home/chris/Desktop/EKF-SLAM/ros_workspace/install/my_package/share/my_package/cmake/my_packageConfig.cmake
[2.658s] -- Up-to-date: /home/chris/Desktop/EKF-SLAM/ros_workspace/install/my_package/share/my_package/cmake/my_packageConfig-version.cmake
[2.658s] -- Up-to-date: /home/chris/Desktop/EKF-SLAM/ros_workspace/install/my_package/share/my_package/package.xml
[2.660s] Invoked command in '/home/chris/Desktop/EKF-SLAM/ros_workspace/build/my_package' returned '0': CMAKE_PREFIX_PATH=${CMAKE_PREFIX_PATH}:/opt/ros/humble /usr/bin/cmake --install /home/chris/Desktop/EKF-SLAM/ros_workspace/build/my_package
