-- The C compiler identification is GNU 11.4.0
-- The CXX compiler identification is GNU 11.4.0
-- Detecting C compiler ABI info
-- Detecting C compiler ABI info - done
-- Check for working C compiler: /usr/bin/cc - skipped
-- Detecting C compile features
-- Detecting C compile features - done
-- Detecting CXX compiler ABI info
-- Detecting CXX compiler ABI info - done
-- Check for working CXX compiler: /usr/bin/c++ - skipped
-- Detecting CXX compile features
-- Detecting CXX compile features - done
-- Found ament_cmake: 1.3.6 (/opt/ros/humble/share/ament_cmake/cmake)
-- Found Python3: /usr/bin/python3.10 (found version "3.10.12") found components: Interpreter 
-- Found rclcpp: 16.0.7 (/opt/ros/humble/share/rclcpp/cmake)
-- Found rosidl_generator_c: 3.1.5 (/opt/ros/humble/share/rosidl_generator_c/cmake)
-- Found rosidl_adapter: 3.1.5 (/opt/ros/humble/share/rosidl_adapter/cmake)
-- Found rosidl_generator_cpp: 3.1.5 (/opt/ros/humble/share/rosidl_generator_cpp/cmake)
-- Using all available rosidl_typesupport_c: rosidl_typesupport_fastrtps_c;rosidl_typesupport_introspection_c
-- Using all available rosidl_typesupport_cpp: rosidl_typesupport_fastrtps_cpp;rosidl_typesupport_introspection_cpp
-- Found rmw_implementation_cmake: 6.1.1 (/opt/ros/humble/share/rmw_implementation_cmake/cmake)
-- Found rmw_fastrtps_cpp: 6.2.5 (/opt/ros/humble/share/rmw_fastrtps_cpp/cmake)
-- Found OpenSSL: /usr/lib/aarch64-linux-gnu/libcrypto.so (found version "3.0.2")  
-- Found FastRTPS: /opt/ros/humble/include  
-- Using RMW implementation 'rmw_fastrtps_cpp' as default
-- Looking for pthread.h
-- Looking for pthread.h - found
-- Performing Test CMAKE_HAVE_LIBC_PTHREAD
-- Performing Test CMAKE_HAVE_LIBC_PTHREAD - Success
-- Found Threads: TRUE  
-- Found geometry_msgs: 4.2.3 (/opt/ros/humble/share/geometry_msgs/cmake)
-- Found ament_lint_auto: 0.12.9 (/opt/ros/humble/share/ament_lint_auto/cmake)
-- Added test 'copyright' to check source files copyright and LICENSE
-- Added test 'cppcheck' to perform static code analysis on C / C++ code
-- Configured cppcheck include dirs: $<BUILD_INTERFACE:/home/chris/Desktop/EKF-SLAM/ros_workspace/src/slam/include>
-- Configured cppcheck exclude dirs and/or files: 
-- Added test 'cpplint' to check C / C++ code against the Google style
-- Configured cpplint exclude dirs and/or files: 
-- Added test 'lint_cmake' to check CMake code style
-- Added test 'uncrustify' to check C / C++ code style
-- Configured uncrustify additional arguments: 
-- Added test 'xmllint' to check XML markup files
-- Configuring done
-- Generating done
-- Build files have been written to: /home/chris/Desktop/EKF-SLAM/ros_workspace/build/slam
[ 25%] [32mBuilding CXX object CMakeFiles/localization.dir/src/localization.cpp.o[0m
[ 50%] [32mBuilding CXX object CMakeFiles/velocity_publisher.dir/src/velocity_publisher.cpp.o[0m
[ 75%] [32m[1mLinking CXX executable velocity_publisher[0m
[ 75%] Built target velocity_publisher
[100%] [32m[1mLinking CXX executable localization[0m
[100%] Built target localization
-- Install configuration: ""
-- Installing: /home/chris/Desktop/EKF-SLAM/ros_workspace/install/slam/lib/slam/localization
-- Set runtime path of "/home/chris/Desktop/EKF-SLAM/ros_workspace/install/slam/lib/slam/localization" to ""
-- Installing: /home/chris/Desktop/EKF-SLAM/ros_workspace/install/slam/lib/slam/velocity_publisher
-- Set runtime path of "/home/chris/Desktop/EKF-SLAM/ros_workspace/install/slam/lib/slam/velocity_publisher" to ""
-- Installing: /home/chris/Desktop/EKF-SLAM/ros_workspace/install/slam/share/ament_index/resource_index/package_run_dependencies/slam
-- Installing: /home/chris/Desktop/EKF-SLAM/ros_workspace/install/slam/share/ament_index/resource_index/parent_prefix_path/slam
-- Installing: /home/chris/Desktop/EKF-SLAM/ros_workspace/install/slam/share/slam/environment/ament_prefix_path.sh
-- Installing: /home/chris/Desktop/EKF-SLAM/ros_workspace/install/slam/share/slam/environment/ament_prefix_path.dsv
-- Installing: /home/chris/Desktop/EKF-SLAM/ros_workspace/install/slam/share/slam/environment/path.sh
-- Installing: /home/chris/Desktop/EKF-SLAM/ros_workspace/install/slam/share/slam/environment/path.dsv
-- Installing: /home/chris/Desktop/EKF-SLAM/ros_workspace/install/slam/share/slam/local_setup.bash
-- Installing: /home/chris/Desktop/EKF-SLAM/ros_workspace/install/slam/share/slam/local_setup.sh
-- Installing: /home/chris/Desktop/EKF-SLAM/ros_workspace/install/slam/share/slam/local_setup.zsh
-- Installing: /home/chris/Desktop/EKF-SLAM/ros_workspace/install/slam/share/slam/local_setup.dsv
-- Installing: /home/chris/Desktop/EKF-SLAM/ros_workspace/install/slam/share/slam/package.dsv
-- Installing: /home/chris/Desktop/EKF-SLAM/ros_workspace/install/slam/share/ament_index/resource_index/packages/slam
-- Installing: /home/chris/Desktop/EKF-SLAM/ros_workspace/install/slam/share/slam/cmake/slamConfig.cmake
-- Installing: /home/chris/Desktop/EKF-SLAM/ros_workspace/install/slam/share/slam/cmake/slamConfig-version.cmake
-- Installing: /home/chris/Desktop/EKF-SLAM/ros_workspace/install/slam/share/slam/package.xml
