[0.053s] Invoking command in '/home/chris/Desktop/EKF-SLAM/ros_workspace/build/my_package': CMAKE_PREFIX_PATH=/opt/ros/humble /usr/bin/cmake --build /home/chris/Desktop/EKF-SLAM/ros_workspace/build/my_package -- -j8 -l8
[0.073s] -- Found ament_cmake: 1.3.6 (/opt/ros/humble/share/ament_cmake/cmake)
[0.164s] -- Found rclcpp: 16.0.7 (/opt/ros/humble/share/rclcpp/cmake)
[0.213s] -- Found rosidl_generator_c: 3.1.5 (/opt/ros/humble/share/rosidl_generator_c/cmake)
[0.217s] -- Found rosidl_adapter: 3.1.5 (/opt/ros/humble/share/rosidl_adapter/cmake)
[0.229s] -- Found rosidl_generator_cpp: 3.1.5 (/opt/ros/humble/share/rosidl_generator_cpp/cmake)
[0.245s] -- Using all available rosidl_typesupport_c: rosidl_typesupport_fastrtps_c;rosidl_typesupport_introspection_c
[0.264s] -- Using all available rosidl_typesupport_cpp: rosidl_typesupport_fastrtps_cpp;rosidl_typesupport_introspection_cpp
[0.333s] -- Found rmw_implementation_cmake: 6.1.1 (/opt/ros/humble/share/rmw_implementation_cmake/cmake)
[0.336s] -- Found rmw_fastrtps_cpp: 6.2.5 (/opt/ros/humble/share/rmw_fastrtps_cpp/cmake)
[0.423s] -- Found OpenSSL: /usr/lib/aarch64-linux-gnu/libcrypto.so (found version "3.0.2")  
[0.444s] -- Found FastRTPS: /opt/ros/humble/include  
[0.477s] -- Using RMW implementation 'rmw_fastrtps_cpp' as default
[0.490s] -- Looking for pthread.h
[0.553s] -- Looking for pthread.h - found
[0.553s] -- Performing Test CMAKE_HAVE_LIBC_PTHREAD
[0.609s] -- Performing Test CMAKE_HAVE_LIBC_PTHREAD - Success
[0.610s] -- Found Threads: TRUE  
[0.756s] -- Found ament_lint_auto: 0.12.9 (/opt/ros/humble/share/ament_lint_auto/cmake)
[0.797s] -- Added test 'copyright' to check source files copyright and LICENSE
[0.797s] -- Added test 'cppcheck' to perform static code analysis on C / C++ code
[0.797s] -- Configured cppcheck include dirs: $<BUILD_INTERFACE:/home/chris/Desktop/EKF-SLAM/ros_workspace/src/my_package/include>
[0.797s] -- Configured cppcheck exclude dirs and/or files: 
[0.798s] -- Added test 'cpplint' to check C / C++ code against the Google style
[0.798s] -- Configured cpplint exclude dirs and/or files: 
[0.798s] -- Added test 'lint_cmake' to check CMake code style
[0.799s] -- Added test 'uncrustify' to check C / C++ code style
[0.799s] -- Configured uncrustify additional arguments: 
[0.799s] -- Added test 'xmllint' to check XML markup files
[0.799s] -- Configuring done
[0.806s] -- Generating done
[0.808s] -- Build files have been written to: /home/chris/Desktop/EKF-SLAM/ros_workspace/build/my_package
[0.831s] [35m[1mConsolidate compiler generated dependencies of target my_node[0m
[0.844s] [ 50%] [32mBuilding CXX object CMakeFiles/my_node.dir/src/my_node.cpp.o[0m
[1.070s] [01m[K/home/chris/Desktop/EKF-SLAM/ros_workspace/src/my_package/src/my_node.cpp:5:10:[m[K [01;31m[Kfatal error: [m[KEigen/Dense: No such file or directory
[1.070s]     5 | #include [01;31m[K<Eigen/Dense>[m[K
[1.071s]       |          [01;31m[K^~~~~~~~~~~~~[m[K
[1.071s] compilation terminated.
[1.072s] gmake[2]: *** [CMakeFiles/my_node.dir/build.make:76: CMakeFiles/my_node.dir/src/my_node.cpp.o] Error 1
[1.073s] gmake[1]: *** [CMakeFiles/Makefile2:137: CMakeFiles/my_node.dir/all] Error 2
[1.073s] gmake: *** [Makefile:146: all] Error 2
[1.076s] Invoked command in '/home/chris/Desktop/EKF-SLAM/ros_workspace/build/my_package' returned '2': CMAKE_PREFIX_PATH=/opt/ros/humble /usr/bin/cmake --build /home/chris/Desktop/EKF-SLAM/ros_workspace/build/my_package -- -j8 -l8
