[0.468s] DEBUG:colcon:Command line arguments: ['/home/chris/.local/bin/colcon', 'build']
[0.468s] DEBUG:colcon:Parsed command line arguments: Namespace(log_base=None, log_level=None, verb_name='build', build_base='build', install_base='install', merge_install=False, symlink_install=False, test_result_base=None, continue_on_error=False, executor='parallel', parallel_workers=8, event_handlers=None, ignore_user_meta=False, metas=['./colcon.meta'], base_paths=['.'], packages_ignore=None, packages_ignore_regex=None, paths=None, packages_up_to=None, packages_up_to_regex=None, packages_above=None, packages_above_and_dependencies=None, packages_above_depth=None, packages_select_by_dep=None, packages_skip_by_dep=None, packages_skip_up_to=None, packages_select_build_failed=False, packages_skip_build_finished=False, packages_select_test_failures=False, packages_skip_test_passed=False, packages_select=None, packages_skip=None, packages_select_regex=None, packages_skip_regex=None, packages_start=None, packages_end=None, cmake_args=None, cmake_target=None, cmake_target_skip_unavailable=False, cmake_clean_cache=False, cmake_clean_first=False, cmake_force_configure=False, ament_cmake_args=None, catkin_cmake_args=None, catkin_skip_building_tests=False, verb_parser=<colcon_defaults.argument_parser.defaults.DefaultArgumentsDecorator object at 0xffff8e8453c0>, verb_extension=<colcon_core.verb.build.BuildVerb object at 0xffff8eb62170>, main=<bound method BuildVerb.main of <colcon_core.verb.build.BuildVerb object at 0xffff8eb62170>>)
[0.493s] Level 1:colcon.colcon_core.package_discovery:discover_packages(colcon_meta) check parameters
[0.493s] Level 1:colcon.colcon_core.package_discovery:discover_packages(recursive) check parameters
[0.493s] Level 1:colcon.colcon_core.package_discovery:discover_packages(ignore) check parameters
[0.493s] Level 1:colcon.colcon_core.package_discovery:discover_packages(path) check parameters
[0.493s] Level 1:colcon.colcon_core.package_discovery:discover_packages(colcon_meta) discover
[0.493s] Level 1:colcon.colcon_core.package_discovery:discover_packages(recursive) discover
[0.493s] INFO:colcon.colcon_core.package_discovery:Crawling recursively for packages in '/home/chris/Desktop/EKF-SLAM/ros_workspace'
[0.493s] Level 1:colcon.colcon_core.package_identification:_identify(.) by extensions ['ignore', 'ignore_ament_install']
[0.493s] Level 1:colcon.colcon_core.package_identification:_identify(.) by extension 'ignore'
[0.493s] Level 1:colcon.colcon_core.package_identification:_identify(.) by extension 'ignore_ament_install'
[0.493s] Level 1:colcon.colcon_core.package_identification:_identify(.) by extensions ['colcon_pkg']
[0.493s] Level 1:colcon.colcon_core.package_identification:_identify(.) by extension 'colcon_pkg'
[0.493s] Level 1:colcon.colcon_core.package_identification:_identify(.) by extensions ['colcon_meta']
[0.493s] Level 1:colcon.colcon_core.package_identification:_identify(.) by extension 'colcon_meta'
[0.493s] Level 1:colcon.colcon_core.package_identification:_identify(.) by extensions ['ros']
[0.493s] Level 1:colcon.colcon_core.package_identification:_identify(.) by extension 'ros'
[0.499s] Level 1:colcon.colcon_core.package_identification:_identify(.) by extensions ['cmake', 'python']
[0.499s] Level 1:colcon.colcon_core.package_identification:_identify(.) by extension 'cmake'
[0.500s] Level 1:colcon.colcon_core.package_identification:_identify(.) by extension 'python'
[0.500s] Level 1:colcon.colcon_core.package_identification:_identify(.) by extensions ['python_setup_py']
[0.500s] Level 1:colcon.colcon_core.package_identification:_identify(.) by extension 'python_setup_py'
[0.500s] Level 1:colcon.colcon_core.package_identification:_identify(build) by extensions ['ignore', 'ignore_ament_install']
[0.500s] Level 1:colcon.colcon_core.package_identification:_identify(build) by extension 'ignore'
[0.500s] Level 1:colcon.colcon_core.package_identification:_identify(build) ignored
[0.500s] Level 1:colcon.colcon_core.package_identification:_identify(install) by extensions ['ignore', 'ignore_ament_install']
[0.500s] Level 1:colcon.colcon_core.package_identification:_identify(install) by extension 'ignore'
[0.500s] Level 1:colcon.colcon_core.package_identification:_identify(install) ignored
[0.500s] Level 1:colcon.colcon_core.package_identification:_identify(log) by extensions ['ignore', 'ignore_ament_install']
[0.500s] Level 1:colcon.colcon_core.package_identification:_identify(log) by extension 'ignore'
[0.500s] Level 1:colcon.colcon_core.package_identification:_identify(log) ignored
[0.500s] Level 1:colcon.colcon_core.package_identification:_identify(src) by extensions ['ignore', 'ignore_ament_install']
[0.500s] Level 1:colcon.colcon_core.package_identification:_identify(src) by extension 'ignore'
[0.500s] Level 1:colcon.colcon_core.package_identification:_identify(src) by extension 'ignore_ament_install'
[0.500s] Level 1:colcon.colcon_core.package_identification:_identify(src) by extensions ['colcon_pkg']
[0.500s] Level 1:colcon.colcon_core.package_identification:_identify(src) by extension 'colcon_pkg'
[0.500s] Level 1:colcon.colcon_core.package_identification:_identify(src) by extensions ['colcon_meta']
[0.500s] Level 1:colcon.colcon_core.package_identification:_identify(src) by extension 'colcon_meta'
[0.500s] Level 1:colcon.colcon_core.package_identification:_identify(src) by extensions ['ros']
[0.500s] Level 1:colcon.colcon_core.package_identification:_identify(src) by extension 'ros'
[0.500s] Level 1:colcon.colcon_core.package_identification:_identify(src) by extensions ['cmake', 'python']
[0.500s] Level 1:colcon.colcon_core.package_identification:_identify(src) by extension 'cmake'
[0.500s] Level 1:colcon.colcon_core.package_identification:_identify(src) by extension 'python'
[0.500s] Level 1:colcon.colcon_core.package_identification:_identify(src) by extensions ['python_setup_py']
[0.500s] Level 1:colcon.colcon_core.package_identification:_identify(src) by extension 'python_setup_py'
[0.500s] Level 1:colcon.colcon_core.package_identification:_identify(src/my_package) by extensions ['ignore', 'ignore_ament_install']
[0.500s] Level 1:colcon.colcon_core.package_identification:_identify(src/my_package) by extension 'ignore'
[0.500s] Level 1:colcon.colcon_core.package_identification:_identify(src/my_package) by extension 'ignore_ament_install'
[0.500s] Level 1:colcon.colcon_core.package_identification:_identify(src/my_package) by extensions ['colcon_pkg']
[0.500s] Level 1:colcon.colcon_core.package_identification:_identify(src/my_package) by extension 'colcon_pkg'
[0.500s] Level 1:colcon.colcon_core.package_identification:_identify(src/my_package) by extensions ['colcon_meta']
[0.500s] Level 1:colcon.colcon_core.package_identification:_identify(src/my_package) by extension 'colcon_meta'
[0.500s] Level 1:colcon.colcon_core.package_identification:_identify(src/my_package) by extensions ['ros']
[0.500s] Level 1:colcon.colcon_core.package_identification:_identify(src/my_package) by extension 'ros'
[0.502s] DEBUG:colcon.colcon_core.package_identification:Package 'src/my_package' with type 'ros.ament_cmake' and name 'my_package'
[0.502s] Level 1:colcon.colcon_core.package_discovery:discover_packages(recursive) using defaults
[0.502s] Level 1:colcon.colcon_core.package_discovery:discover_packages(ignore) discover
[0.502s] Level 1:colcon.colcon_core.package_discovery:discover_packages(ignore) using defaults
[0.502s] Level 1:colcon.colcon_core.package_discovery:discover_packages(path) discover
[0.502s] Level 1:colcon.colcon_core.package_discovery:discover_packages(path) using defaults
[0.541s] Level 5:colcon.colcon_core.verb:set package 'my_package' build argument 'cmake_args' from command line to 'None'
[0.541s] Level 5:colcon.colcon_core.verb:set package 'my_package' build argument 'cmake_target' from command line to 'None'
[0.541s] Level 5:colcon.colcon_core.verb:set package 'my_package' build argument 'cmake_target_skip_unavailable' from command line to 'False'
[0.541s] Level 5:colcon.colcon_core.verb:set package 'my_package' build argument 'cmake_clean_cache' from command line to 'False'
[0.541s] Level 5:colcon.colcon_core.verb:set package 'my_package' build argument 'cmake_clean_first' from command line to 'False'
[0.541s] Level 5:colcon.colcon_core.verb:set package 'my_package' build argument 'cmake_force_configure' from command line to 'False'
[0.541s] Level 5:colcon.colcon_core.verb:set package 'my_package' build argument 'ament_cmake_args' from command line to 'None'
[0.541s] Level 5:colcon.colcon_core.verb:set package 'my_package' build argument 'catkin_cmake_args' from command line to 'None'
[0.541s] Level 5:colcon.colcon_core.verb:set package 'my_package' build argument 'catkin_skip_building_tests' from command line to 'False'
[0.541s] DEBUG:colcon.colcon_core.verb:Building package 'my_package' with the following arguments: {'ament_cmake_args': None, 'build_base': '/home/chris/Desktop/EKF-SLAM/ros_workspace/build/my_package', 'catkin_cmake_args': None, 'catkin_skip_building_tests': False, 'cmake_args': None, 'cmake_clean_cache': False, 'cmake_clean_first': False, 'cmake_force_configure': False, 'cmake_target': None, 'cmake_target_skip_unavailable': False, 'install_base': '/home/chris/Desktop/EKF-SLAM/ros_workspace/install/my_package', 'merge_install': False, 'path': '/home/chris/Desktop/EKF-SLAM/ros_workspace/src/my_package', 'symlink_install': False, 'test_result_base': None}
[0.549s] INFO:colcon.colcon_core.executor:Executing jobs using 'parallel' executor
[0.557s] DEBUG:colcon.colcon_parallel_executor.executor.parallel:run_until_complete
[0.557s] INFO:colcon.colcon_ros.task.ament_cmake.build:Building ROS package in '/home/chris/Desktop/EKF-SLAM/ros_workspace/src/my_package' with build type 'ament_cmake'
[0.557s] INFO:colcon.colcon_cmake.task.cmake.build:Building CMake package in '/home/chris/Desktop/EKF-SLAM/ros_workspace/src/my_package'
[0.565s] INFO:colcon.colcon_core.plugin_system:Skipping extension 'colcon_core.shell.bat': Not used on non-Windows systems
[0.566s] INFO:colcon.colcon_core.shell:Skip shell extension 'powershell' for command environment: Not usable outside of PowerShell
[0.566s] DEBUG:colcon.colcon_core.shell:Skip shell extension 'dsv' for command environment
[0.601s] DEBUG:colcon.colcon_core.event_handler.log_command:Invoking command in '/home/chris/Desktop/EKF-SLAM/ros_workspace/build/my_package': CMAKE_PREFIX_PATH=${CMAKE_PREFIX_PATH}:/opt/ros/humble /usr/bin/cmake --build /home/chris/Desktop/EKF-SLAM/ros_workspace/build/my_package -- -j8 -l8
[10.557s] DEBUG:colcon.colcon_core.event_handler.log_command:Invoked command in '/home/chris/Desktop/EKF-SLAM/ros_workspace/build/my_package' returned '0': CMAKE_PREFIX_PATH=${CMAKE_PREFIX_PATH}:/opt/ros/humble /usr/bin/cmake --build /home/chris/Desktop/EKF-SLAM/ros_workspace/build/my_package -- -j8 -l8
[10.592s] DEBUG:colcon.colcon_core.event_handler.log_command:Invoking command in '/home/chris/Desktop/EKF-SLAM/ros_workspace/build/my_package': CMAKE_PREFIX_PATH=${CMAKE_PREFIX_PATH}:/opt/ros/humble /usr/bin/cmake --install /home/chris/Desktop/EKF-SLAM/ros_workspace/build/my_package
[10.605s] Level 1:colcon.colcon_core.environment:create_environment_scripts_only(my_package)
[10.606s] DEBUG:colcon.colcon_core.event_handler.log_command:Invoked command in '/home/chris/Desktop/EKF-SLAM/ros_workspace/build/my_package' returned '0': CMAKE_PREFIX_PATH=${CMAKE_PREFIX_PATH}:/opt/ros/humble /usr/bin/cmake --install /home/chris/Desktop/EKF-SLAM/ros_workspace/build/my_package
[10.614s] Level 1:colcon.colcon_core.environment:checking '/home/chris/Desktop/EKF-SLAM/ros_workspace/install/my_package' for CMake module files
[10.614s] Level 1:colcon.colcon_core.environment:checking '/home/chris/Desktop/EKF-SLAM/ros_workspace/install/my_package' for CMake config files
[10.615s] Level 1:colcon.colcon_core.shell:create_environment_hook('my_package', 'cmake_prefix_path')
[10.623s] INFO:colcon.colcon_core.shell:Creating environment hook '/home/chris/Desktop/EKF-SLAM/ros_workspace/install/my_package/share/my_package/hook/cmake_prefix_path.ps1'
[10.623s] INFO:colcon.colcon_core.shell:Creating environment descriptor '/home/chris/Desktop/EKF-SLAM/ros_workspace/install/my_package/share/my_package/hook/cmake_prefix_path.dsv'
[10.624s] INFO:colcon.colcon_core.shell:Creating environment hook '/home/chris/Desktop/EKF-SLAM/ros_workspace/install/my_package/share/my_package/hook/cmake_prefix_path.sh'
[10.625s] Level 1:colcon.colcon_core.environment:checking '/home/chris/Desktop/EKF-SLAM/ros_workspace/install/my_package/lib'
[10.625s] Level 1:colcon.colcon_core.environment:checking '/home/chris/Desktop/EKF-SLAM/ros_workspace/install/my_package/bin'
[10.625s] Level 1:colcon.colcon_core.environment:checking '/home/chris/Desktop/EKF-SLAM/ros_workspace/install/my_package/lib/pkgconfig/my_package.pc'
[10.626s] Level 1:colcon.colcon_core.environment:checking '/home/chris/Desktop/EKF-SLAM/ros_workspace/install/my_package/lib/python3.10/site-packages'
[10.626s] Level 1:colcon.colcon_core.environment:checking '/home/chris/Desktop/EKF-SLAM/ros_workspace/install/my_package/bin'
[10.633s] INFO:colcon.colcon_core.shell:Creating package script '/home/chris/Desktop/EKF-SLAM/ros_workspace/install/my_package/share/my_package/package.ps1'
[10.634s] INFO:colcon.colcon_core.shell:Creating package descriptor '/home/chris/Desktop/EKF-SLAM/ros_workspace/install/my_package/share/my_package/package.dsv'
[10.634s] INFO:colcon.colcon_core.shell:Creating package script '/home/chris/Desktop/EKF-SLAM/ros_workspace/install/my_package/share/my_package/package.sh'
[10.635s] INFO:colcon.colcon_core.shell:Creating package script '/home/chris/Desktop/EKF-SLAM/ros_workspace/install/my_package/share/my_package/package.bash'
[10.635s] INFO:colcon.colcon_core.shell:Creating package script '/home/chris/Desktop/EKF-SLAM/ros_workspace/install/my_package/share/my_package/package.zsh'
[10.635s] Level 1:colcon.colcon_core.environment:create_file_with_runtime_dependencies(/home/chris/Desktop/EKF-SLAM/ros_workspace/install/my_package/share/colcon-core/packages/my_package)
[10.666s] Level 1:colcon.colcon_core.environment:create_environment_scripts_only(my_package)
[10.679s] Level 1:colcon.colcon_core.environment:checking '/home/chris/Desktop/EKF-SLAM/ros_workspace/install/my_package' for CMake module files
[10.679s] Level 1:colcon.colcon_core.environment:checking '/home/chris/Desktop/EKF-SLAM/ros_workspace/install/my_package' for CMake config files
[10.679s] Level 1:colcon.colcon_core.shell:create_environment_hook('my_package', 'cmake_prefix_path')
[10.687s] INFO:colcon.colcon_core.shell:Creating environment hook '/home/chris/Desktop/EKF-SLAM/ros_workspace/install/my_package/share/my_package/hook/cmake_prefix_path.ps1'
[10.688s] INFO:colcon.colcon_core.shell:Creating environment descriptor '/home/chris/Desktop/EKF-SLAM/ros_workspace/install/my_package/share/my_package/hook/cmake_prefix_path.dsv'
[10.688s] INFO:colcon.colcon_core.shell:Creating environment hook '/home/chris/Desktop/EKF-SLAM/ros_workspace/install/my_package/share/my_package/hook/cmake_prefix_path.sh'
[10.689s] Level 1:colcon.colcon_core.environment:checking '/home/chris/Desktop/EKF-SLAM/ros_workspace/install/my_package/lib'
[10.689s] Level 1:colcon.colcon_core.environment:checking '/home/chris/Desktop/EKF-SLAM/ros_workspace/install/my_package/bin'
[10.689s] Level 1:colcon.colcon_core.environment:checking '/home/chris/Desktop/EKF-SLAM/ros_workspace/install/my_package/lib/pkgconfig/my_package.pc'
[10.689s] Level 1:colcon.colcon_core.environment:checking '/home/chris/Desktop/EKF-SLAM/ros_workspace/install/my_package/lib/python3.10/site-packages'
[10.689s] Level 1:colcon.colcon_core.environment:checking '/home/chris/Desktop/EKF-SLAM/ros_workspace/install/my_package/bin'
[10.696s] INFO:colcon.colcon_core.shell:Creating package script '/home/chris/Desktop/EKF-SLAM/ros_workspace/install/my_package/share/my_package/package.ps1'
[10.697s] INFO:colcon.colcon_core.shell:Creating package descriptor '/home/chris/Desktop/EKF-SLAM/ros_workspace/install/my_package/share/my_package/package.dsv'
[10.698s] INFO:colcon.colcon_core.shell:Creating package script '/home/chris/Desktop/EKF-SLAM/ros_workspace/install/my_package/share/my_package/package.sh'
[10.699s] INFO:colcon.colcon_core.shell:Creating package script '/home/chris/Desktop/EKF-SLAM/ros_workspace/install/my_package/share/my_package/package.bash'
[10.700s] INFO:colcon.colcon_core.shell:Creating package script '/home/chris/Desktop/EKF-SLAM/ros_workspace/install/my_package/share/my_package/package.zsh'
[10.700s] Level 1:colcon.colcon_core.environment:create_file_with_runtime_dependencies(/home/chris/Desktop/EKF-SLAM/ros_workspace/install/my_package/share/colcon-core/packages/my_package)
[10.701s] DEBUG:colcon.colcon_parallel_executor.executor.parallel:closing loop
[10.701s] DEBUG:colcon.colcon_parallel_executor.executor.parallel:loop closed
[10.701s] DEBUG:colcon.colcon_parallel_executor.executor.parallel:run_until_complete finished with '0'
[10.701s] DEBUG:colcon.colcon_core.event_reactor:joining thread
[10.712s] INFO:colcon.colcon_core.plugin_system:Skipping extension 'colcon_notification.desktop_notification.terminal_notifier': Not used on non-Darwin systems
[10.714s] INFO:colcon.colcon_core.plugin_system:Skipping extension 'colcon_notification.desktop_notification.win32': Not used on non-Windows systems
[10.714s] INFO:colcon.colcon_notification.desktop_notification:Sending desktop notification using 'notify2'
[10.741s] DEBUG:colcon.colcon_core.event_reactor:joined thread
[10.752s] INFO:colcon.colcon_core.shell:Creating prefix script '/home/chris/Desktop/EKF-SLAM/ros_workspace/install/local_setup.ps1'
[10.753s] INFO:colcon.colcon_core.shell:Creating prefix util module '/home/chris/Desktop/EKF-SLAM/ros_workspace/install/_local_setup_util_ps1.py'
[10.754s] INFO:colcon.colcon_core.shell:Creating prefix chain script '/home/chris/Desktop/EKF-SLAM/ros_workspace/install/setup.ps1'
[10.769s] INFO:colcon.colcon_core.shell:Creating prefix script '/home/chris/Desktop/EKF-SLAM/ros_workspace/install/local_setup.sh'
[10.769s] INFO:colcon.colcon_core.shell:Creating prefix util module '/home/chris/Desktop/EKF-SLAM/ros_workspace/install/_local_setup_util_sh.py'
[10.770s] INFO:colcon.colcon_core.shell:Creating prefix chain script '/home/chris/Desktop/EKF-SLAM/ros_workspace/install/setup.sh'
[10.777s] INFO:colcon.colcon_core.shell:Creating prefix script '/home/chris/Desktop/EKF-SLAM/ros_workspace/install/local_setup.bash'
[10.781s] INFO:colcon.colcon_core.shell:Creating prefix chain script '/home/chris/Desktop/EKF-SLAM/ros_workspace/install/setup.bash'
[10.788s] INFO:colcon.colcon_core.shell:Creating prefix script '/home/chris/Desktop/EKF-SLAM/ros_workspace/install/local_setup.zsh'
[10.788s] INFO:colcon.colcon_core.shell:Creating prefix chain script '/home/chris/Desktop/EKF-SLAM/ros_workspace/install/setup.zsh'
