[0.065s] Invoking command in '/home/chris/Desktop/EKF-SLAM/ros_workspace/build/my_package': CMAKE_PREFIX_PATH=${CMAKE_PREFIX_PATH}:/opt/ros/humble /usr/bin/cmake /home/chris/Desktop/EKF-SLAM/ros_workspace/src/my_package -DCMAKE_INSTALL_PREFIX=/home/chris/Desktop/EKF-SLAM/ros_workspace/install/my_package
[0.122s] -- The C compiler identification is GNU 11.4.0
[0.165s] -- The CXX compiler identification is GNU 11.4.0
[0.171s] -- Detecting C compiler ABI info
[0.227s] -- Detecting C compiler ABI info - done
[0.233s] -- Check for working C compiler: /usr/bin/cc - skipped
[0.233s] -- Detecting C compile features
[0.234s] -- Detecting C compile features - done
[0.236s] -- Detecting CXX compiler ABI info
[0.298s] -- Detecting CXX compiler ABI info - done
[0.303s] -- Check for working CXX compiler: /usr/bin/c++ - skipped
[0.303s] -- Detecting CXX compile features
[0.304s] -- Detecting CXX compile features - done
[0.305s] -- Found ament_cmake: 1.3.6 (/opt/ros/humble/share/ament_cmake/cmake)
[0.414s] -- Found Python3: /usr/bin/python3.10 (found version "3.10.12") found components: Interpreter 
[0.464s] -- Found ament_lint_auto: 0.12.9 (/opt/ros/humble/share/ament_lint_auto/cmake)
[0.509s] -- Added test 'cppcheck' to perform static code analysis on C / C++ code
[0.509s] -- Configured cppcheck include dirs: $<BUILD_INTERFACE:/home/chris/Desktop/EKF-SLAM/ros_workspace/src/my_package/include>
[0.509s] -- Configured cppcheck exclude dirs and/or files: 
[0.509s] -- Added test 'lint_cmake' to check CMake code style
[0.510s] -- Added test 'uncrustify' to check C / C++ code style
[0.510s] -- Configured uncrustify additional arguments: 
[0.511s] -- Added test 'xmllint' to check XML markup files
[0.512s] -- Configuring done
[0.517s] -- Generating done
[0.518s] -- Build files have been written to: /home/chris/Desktop/EKF-SLAM/ros_workspace/build/my_package
[0.522s] Invoked command in '/home/chris/Desktop/EKF-SLAM/ros_workspace/build/my_package' returned '0': CMAKE_PREFIX_PATH=${CMAKE_PREFIX_PATH}:/opt/ros/humble /usr/bin/cmake /home/chris/Desktop/EKF-SLAM/ros_workspace/src/my_package -DCMAKE_INSTALL_PREFIX=/home/chris/Desktop/EKF-SLAM/ros_workspace/install/my_package
[0.523s] Invoking command in '/home/chris/Desktop/EKF-SLAM/ros_workspace/build/my_package': CMAKE_PREFIX_PATH=${CMAKE_PREFIX_PATH}:/opt/ros/humble /usr/bin/cmake --build /home/chris/Desktop/EKF-SLAM/ros_workspace/build/my_package -- -j8 -l8
[0.562s] [ 50%] [32mBuilding CXX object CMakeFiles/my_node.dir/src/my_node.cpp.o[0m
[0.594s] [100%] [32m[1mLinking CXX executable my_node[0m
[0.630s] [100%] Built target my_node
[0.640s] Invoked command in '/home/chris/Desktop/EKF-SLAM/ros_workspace/build/my_package' returned '0': CMAKE_PREFIX_PATH=${CMAKE_PREFIX_PATH}:/opt/ros/humble /usr/bin/cmake --build /home/chris/Desktop/EKF-SLAM/ros_workspace/build/my_package -- -j8 -l8
[0.667s] Invoking command in '/home/chris/Desktop/EKF-SLAM/ros_workspace/build/my_package': CMAKE_PREFIX_PATH=${CMAKE_PREFIX_PATH}:/opt/ros/humble /usr/bin/cmake --install /home/chris/Desktop/EKF-SLAM/ros_workspace/build/my_package
[0.673s] -- Install configuration: ""
[0.673s] -- Installing: /home/chris/Desktop/EKF-SLAM/ros_workspace/install/my_package/lib/my_package/my_node
[0.674s] -- Installing: /home/chris/Desktop/EKF-SLAM/ros_workspace/install/my_package/share/ament_index/resource_index/package_run_dependencies/my_package
[0.674s] -- Installing: /home/chris/Desktop/EKF-SLAM/ros_workspace/install/my_package/share/ament_index/resource_index/parent_prefix_path/my_package
[0.674s] -- Installing: /home/chris/Desktop/EKF-SLAM/ros_workspace/install/my_package/share/my_package/environment/ament_prefix_path.sh
[0.674s] -- Installing: /home/chris/Desktop/EKF-SLAM/ros_workspace/install/my_package/share/my_package/environment/ament_prefix_path.dsv
[0.674s] -- Installing: /home/chris/Desktop/EKF-SLAM/ros_workspace/install/my_package/share/my_package/environment/path.sh
[0.674s] -- Installing: /home/chris/Desktop/EKF-SLAM/ros_workspace/install/my_package/share/my_package/environment/path.dsv
[0.674s] -- Installing: /home/chris/Desktop/EKF-SLAM/ros_workspace/install/my_package/share/my_package/local_setup.bash
[0.674s] -- Installing: /home/chris/Desktop/EKF-SLAM/ros_workspace/install/my_package/share/my_package/local_setup.sh
[0.674s] -- Installing: /home/chris/Desktop/EKF-SLAM/ros_workspace/install/my_package/share/my_package/local_setup.zsh
[0.674s] -- Installing: /home/chris/Desktop/EKF-SLAM/ros_workspace/install/my_package/share/my_package/local_setup.dsv
[0.675s] -- Installing: /home/chris/Desktop/EKF-SLAM/ros_workspace/install/my_package/share/my_package/package.dsv
[0.675s] -- Installing: /home/chris/Desktop/EKF-SLAM/ros_workspace/install/my_package/share/ament_index/resource_index/packages/my_package
[0.675s] -- Installing: /home/chris/Desktop/EKF-SLAM/ros_workspace/install/my_package/share/my_package/cmake/my_packageConfig.cmake
[0.675s] -- Installing: /home/chris/Desktop/EKF-SLAM/ros_workspace/install/my_package/share/my_package/cmake/my_packageConfig-version.cmake
[0.675s] -- Installing: /home/chris/Desktop/EKF-SLAM/ros_workspace/install/my_package/share/my_package/package.xml
[0.677s] Invoked command in '/home/chris/Desktop/EKF-SLAM/ros_workspace/build/my_package' returned '0': CMAKE_PREFIX_PATH=${CMAKE_PREFIX_PATH}:/opt/ros/humble /usr/bin/cmake --install /home/chris/Desktop/EKF-SLAM/ros_workspace/build/my_package
