[0.036s] Invoking command in '/home/chris/Desktop/EKF-SLAM/ros_workspace/build/my_package': CMAKE_PREFIX_PATH=${CMAKE_PREFIX_PATH}:/opt/ros/humble /usr/bin/cmake --build /home/chris/Desktop/EKF-SLAM/ros_workspace/build/my_package -- -j8 -l8
[0.071s] [35m[1mConsolidate compiler generated dependencies of target my_node[0m
[0.080s] [ 50%] Built target velocity_publisher
[0.086s] [100%] Built target my_node
[0.095s] Invoked command in '/home/chris/Desktop/EKF-SLAM/ros_workspace/build/my_package' returned '0': CMAKE_PREFIX_PATH=${CMAKE_PREFIX_PATH}:/opt/ros/humble /usr/bin/cmake --build /home/chris/Desktop/EKF-SLAM/ros_workspace/build/my_package -- -j8 -l8
[0.133s] Invoking command in '/home/chris/Desktop/EKF-SLAM/ros_workspace/build/my_package': CMAKE_PREFIX_PATH=${CMAKE_PREFIX_PATH}:/opt/ros/humble /usr/bin/cmake --install /home/chris/Desktop/EKF-SLAM/ros_workspace/build/my_package
[0.138s] -- Install configuration: ""
[0.138s] -- Up-to-date: /home/chris/Desktop/EKF-SLAM/ros_workspace/install/my_package/lib/my_package/my_node
[0.140s] -- Up-to-date: /home/chris/Desktop/EKF-SLAM/ros_workspace/install/my_package/lib/my_package/velocity_publisher
[0.140s] -- Up-to-date: /home/chris/Desktop/EKF-SLAM/ros_workspace/install/my_package/share/ament_index/resource_index/package_run_dependencies/my_package
[0.140s] -- Up-to-date: /home/chris/Desktop/EKF-SLAM/ros_workspace/install/my_package/share/ament_index/resource_index/parent_prefix_path/my_package
[0.140s] -- Up-to-date: /home/chris/Desktop/EKF-SLAM/ros_workspace/install/my_package/share/my_package/environment/ament_prefix_path.sh
[0.140s] -- Up-to-date: /home/chris/Desktop/EKF-SLAM/ros_workspace/install/my_package/share/my_package/environment/ament_prefix_path.dsv
[0.140s] -- Up-to-date: /home/chris/Desktop/EKF-SLAM/ros_workspace/install/my_package/share/my_package/environment/path.sh
[0.140s] -- Up-to-date: /home/chris/Desktop/EKF-SLAM/ros_workspace/install/my_package/share/my_package/environment/path.dsv
[0.140s] -- Up-to-date: /home/chris/Desktop/EKF-SLAM/ros_workspace/install/my_package/share/my_package/local_setup.bash
[0.140s] -- Up-to-date: /home/chris/Desktop/EKF-SLAM/ros_workspace/install/my_package/share/my_package/local_setup.sh
[0.140s] -- Up-to-date: /home/chris/Desktop/EKF-SLAM/ros_workspace/install/my_package/share/my_package/local_setup.zsh
[0.140s] -- Up-to-date: /home/chris/Desktop/EKF-SLAM/ros_workspace/install/my_package/share/my_package/local_setup.dsv
[0.140s] -- Installing: /home/chris/Desktop/EKF-SLAM/ros_workspace/install/my_package/share/my_package/package.dsv
[0.140s] -- Up-to-date: /home/chris/Desktop/EKF-SLAM/ros_workspace/install/my_package/share/ament_index/resource_index/packages/my_package
[0.140s] -- Up-to-date: /home/chris/Desktop/EKF-SLAM/ros_workspace/install/my_package/share/my_package/cmake/my_packageConfig.cmake
[0.140s] -- Up-to-date: /home/chris/Desktop/EKF-SLAM/ros_workspace/install/my_package/share/my_package/cmake/my_packageConfig-version.cmake
[0.140s] -- Up-to-date: /home/chris/Desktop/EKF-SLAM/ros_workspace/install/my_package/share/my_package/package.xml
[0.141s] Invoked command in '/home/chris/Desktop/EKF-SLAM/ros_workspace/build/my_package' returned '0': CMAKE_PREFIX_PATH=${CMAKE_PREFIX_PATH}:/opt/ros/humble /usr/bin/cmake --install /home/chris/Desktop/EKF-SLAM/ros_workspace/build/my_package
